Component: ARM Compiler 6.14 Tool: armlink [5db06800]

==============================================================================

Section Cross References

    main.o(RESET) refers to main.o(MYCODE) for Reset_Handler
    main.o(MYCODE) refers to main.o(MYDATA) for input


==============================================================================

Image Symbol Table

    Local Symbols

    Symbol Name                              Value     Ov Type        Size  Object(Section)

    main.s                                   0x00000000   Number         0  main.o ABSOLUTE
    RESET                                    0x00000000   Section        8  main.o(RESET)
    $v0                                      0x00000008   Number         0  main.o(MYCODE)
    MYCODE                                   0x00000008   Section      736  main.o(MYCODE)
    input                                    0x000002e8   Data           8  main.o(MYDATA)
    MYDATA                                   0x000002e8   Section       12  main.o(MYDATA)

    Global Symbols

    Symbol Name                              Value     Ov Type        Size  Object(Section)

    BuildAttributes$$THM_ISAv4$E$P$D$K$B$S$7EM$VFPi3$EXTD16$VFPS$VFMA$PE$A:L22UL41UL21$X:L11$S22US41US21$IEEE1$~IW$USESV6$~STKCKD$USESV7$~SHL$OSPACE$EBA8$STANDARDLIB$PRES8$EABIv2 0x00000000   Number         0  anon$$obj.o ABSOLUTE
    __Vectors                                0x00000000   Data           0  main.o(RESET)
    Reset_Handler                            0x00000009   Thumb Code     0  main.o(MYCODE)



==============================================================================

Memory Map of the image

  Image Entry point : 0x00000009

  Load Region LR_1 (Base: 0x00000000, Size: 0x000002f4, Max: 0xffffffff, ABSOLUTE)

    Execution Region ER_RO (Exec base: 0x00000000, Load base: 0x00000000, Size: 0x000002f4, Max: 0xffffffff, ABSOLUTE)

    Exec Addr    Load Addr    Size         Type   Attr      Idx    E Section Name        Object

    0x00000000   0x00000000   0x00000008   Data   RO            2    RESET               main.o
    0x00000008   0x00000008   0x000002e0   Code   RO            3  * MYCODE              main.o
    0x000002e8   0x000002e8   0x0000000c   Data   RO            1    MYDATA              main.o


    Execution Region ER_RW (Exec base: 0x20000000, Load base: 0x000002f4, Size: 0x00000000, Max: 0xffffffff, ABSOLUTE)

    **** No section assigned to this execution region ****


    Execution Region ER_ZI (Exec base: 0x20000000, Load base: 0x000002f4, Size: 0x00000000, Max: 0xffffffff, ABSOLUTE)

    **** No section assigned to this execution region ****


==============================================================================

Image component sizes


      Code (inc. data)   RO Data    RW Data    ZI Data      Debug   Object Name

       736         14         20          0          0        448   main.o

    ----------------------------------------------------------------------
       736         14         20          0          0        448   Object Totals
         0          0          0          0          0          0   (incl. Generated)
         0          0          0          0          0          0   (incl. Padding)

    ----------------------------------------------------------------------
         0          0          0          0          0          0   Library Totals
         0          0          0          0          0          0   (incl. Padding)

    ----------------------------------------------------------------------

==============================================================================


      Code (inc. data)   RO Data    RW Data    ZI Data      Debug   

       736         14         20          0          0        448   Grand Totals
       736         14         20          0          0        448   ELF Image Totals
       736         14         20          0          0          0   ROM Totals

==============================================================================

    Total RO  Size (Code + RO Data)                  756 (   0.74kB)
    Total RW  Size (RW Data + ZI Data)                 0 (   0.00kB)
    Total ROM Size (Code + RO Data + RW Data)        756 (   0.74kB)

==============================================================================

